// Jest Snapshot v1, https://goo.gl/fbAQLP

exports[`Certificate Badges component should render component and match snapshot 1`] = `<flex align="center" justify="space-around"><img width="65px" src="../assets/images/iso-27001.jpg" alt="iso-27001"> <img width="65px" src="../assets/images/tuev.jpg" alt="tuev"> <img width="65px" src="../assets/images/iso-9001.jpg" alt="iso-9001"> <img width="65px" src="../assets/images/av-test.svg" alt="av-test"></flex>`;
