// Jest Snapshot v1, https://goo.gl/fbAQLP

exports[`Country Selector component Should render component and match snapshot 1`] = `
<div class="fk-countries">
    <flex align="center" justify="space-between" class="fk-countries__toggle"><img src="test-file-stub" alt="Deutschland">
        <p>Deutschland</p>
        <icon icon="angle-down"></icon>
    </flex>
    <!---->
</div>
`;
