// Jest Snapshot v1, https://goo.gl/fbAQLP

exports[`Coupon Popup component should render component and match snapshot 1`] = `
<flex justify="center" align="center" class="fk-dialogue v-enter fk-dialogue__animation-in">
  <section class="fk-dialogue__frame"><a class="fk-dialogue__close">
      <icon icon="close-light" color="orange"></icon>
    </a>
    <div class="fk-coupon-popup">
      <title color="primary" size="xl" class="fk-coupon-popup__title">Hiergeblieben!</title>
      <!---->
      <p class="fk-coupon-popup__txt">Smartfrog schenkt dir den ersten Monat!</p>
      <p class="fk-coupon-popup__txt">
        Gutscheincode:
        <span class="fk-coupon-popup__txt__code">FREE1</span></p> <button size="big" block="true" color="secondary" link="" class="fk-coupon-popup__btn"><span>Jetzt einl√∂sen</span>
        <icon icon="arrow-right"></icon></button> <span class="fk-coupon-popup__close">Jetzt nicht</span>
    </div>
  </section>
</flex>
`;
