// Jest Snapshot v1, https://goo.gl/fbAQLP

exports[`Header component Should render component and match snapshot 1`] = `
<header class="fk-header">
    <div class="fk-header__container">
        <h1 class="fk-header__logo"><a href="/" aria-label="home"><img src="../assets/logo.svg" alt="smartfrog-logo"></a></h1> <span class="fk-header__toggle"><icon icon="hamburger-menu"></icon></span>
        <nav class="fk-header__nav">
            <ul>
                <li><a href="https://www.smartfrog.com/de-de/kamera/">Kamera</a></li>
                <li><a href="https://www.smartfrog.com/de-de/videoaufnahme/">Videoaufnahme</a></li>
                <li><a href="https://www.smartfrog.com/de-de/einsatzbereiche/">Einsatzbereiche</a></li>
                <li><a href="https://www.smartfrog.com/de-de/so-gehts/">So geht's</a></li>
                <li><a href="https://www.smartfrog.com/de-de/shop/cart">Warenkorb</a></li>
                <li><a href="https://www.smartfrog.com/de-de/shop/products">Shop</a></li>
                <li><a href="https://app.smartfrog.com/de-de/login">Login</a></li>
            </ul>
        </nav>
        <flex grow="" justify="end" align="center">
            <countryselector countries="[object Object],[object Object],[object Object],[object Object],[object Object],[object Object],[object Object],[object Object],[object Object],[object Object],[object Object],[object Object],[object Object],[object Object],[object Object],[object Object],[object Object],[object Object],[object Object],[object Object],[object Object],[object Object],[object Object],[object Object],[object Object],[object Object],[object Object],[object Object],[object Object],[object Object],[object Object],[object Object],[object Object],[object Object],[object Object],[object Object],[object Object],[object Object],[object Object],[object Object],[object Object],[object Object],[object Object],[object Object],[object Object],[object Object],[object Object],[object Object],[object Object],[object Object],[object Object],[object Object],[object Object],[object Object],[object Object],[object Object],[object Object],[object Object],[object Object],[object Object],[object Object],[object Object],[object Object],[object Object],[object Object],[object Object],[object Object],[object Object],[object Object],[object Object],[object Object],[object Object],[object Object],[object Object],[object Object],[object Object],[object Object],[object Object],[object Object],[object Object],[object Object],[object Object],[object Object],[object Object],[object Object],[object Object],[object Object],[object Object],[object Object],[object Object],[object Object],[object Object],[object Object],[object Object],[object Object],[object Object],[object Object],[object Object],[object Object],[object Object],[object Object],[object Object],[object Object],[object Object],[object Object],[object Object],[object Object],[object Object],[object Object],[object Object],[object Object],[object Object],[object Object],[object Object],[object Object],[object Object],[object Object],[object Object],[object Object],[object Object],[object Object],[object Object],[object Object],[object Object],[object Object],[object Object],[object Object],[object Object],[object Object],[object Object],[object Object],[object Object],[object Object],[object Object],[object Object],[object Object],[object Object],[object Object],[object Object],[object Object],[object Object],[object Object],[object Object],[object Object],[object Object],[object Object],[object Object],[object Object],[object Object],[object Object],[object Object],[object Object],[object Object],[object Object],[object Object],[object Object],[object Object],[object Object],[object Object],[object Object],[object Object],[object Object],[object Object],[object Object],[object Object],[object Object],[object Object],[object Object],[object Object],[object Object],[object Object],[object Object],[object Object],[object Object],[object Object],[object Object],[object Object],[object Object],[object Object],[object Object],[object Object],[object Object],[object Object],[object Object],[object Object],[object Object],[object Object],[object Object],[object Object],[object Object],[object Object],[object Object],[object Object],[object Object],[object Object],[object Object],[object Object],[object Object],[object Object],[object Object],[object Object],[object Object],[object Object],[object Object],[object Object],[object Object],[object Object],[object Object],[object Object],[object Object],[object Object],[object Object],[object Object],[object Object],[object Object],[object Object],[object Object],[object Object],[object Object],[object Object],[object Object],[object Object],[object Object],[object Object],[object Object],[object Object],[object Object],[object Object],[object Object],[object Object],[object Object],[object Object],[object Object],[object Object],[object Object],[object Object]"
                currentcountry="de" selectlabel="Your Country is missing? Click here:"></countryselector>
            <form class="fk-header__form">
                <div class="fk-header__form__field"><input name="email" type="email" size="small" placeholder="E-Mail Adresse" aria-label="E-Mail Adresse"> <a href="https://www.smartfrog.com//de-de/shop/register" aria-label="Noch kein Benutzerkonto?">Noch kein Benutzerkonto?</a></div>
                <div
                    class="fk-header__form__field"><input name="password" type="password" size="small" placeholder="Passwort" aria-label="Passwort"> <a href="/de-de/shop/resetpassword" aria-label="Passwort vergessen?">Passwort vergessen?</a></div> <button type="submit" color="primary"
        size="small" class="fk-header__form__login">
            Login
          </button></form> <button link="" color="primary" size="small" href="" aria-label="Login" class="fk-header__btn-login">
        Login
      </button> <button link="" color="secondary" size="small" href="https://www.smartfrog.com/de-de/shop/products" aria-label="Shop" class="fk-header__btn-shop">
        Shop
      </button> <button link="" color="secondary" size="small" href="https://www.smartfrog.com/de-de/shop/cart" aria-label="cart" class="fk-header__btn-cart"><icon icon="basket" alt="cart"></icon> <span class="fk-header__btn-cart__counter">1</span></button></flex>
    </div>
</header>
`;
