// Jest Snapshot v1, https://goo.gl/fbAQLP

exports[`Input password component should render component and match snapshot 1`] = `
<section class="fk-input-password"><input type="password" value="" block="" placeholder="password" aria-label="password" pid="input_password">
  <div class="fk-input-password__img fk-input-password__show-pass" style="display: none;"></div>
</section>
`;
