// Jest Snapshot v1, https://goo.gl/fbAQLP

exports[`Logistic Badges component should render component and match snapshot 1`] = `<flex align="center" justify="space-around"><img width="142px" src="../assets/images/dhl.svg" alt="dhl"> <img width="142px" src="../assets/images/gogreen.svg" alt="gogreen"></flex>`;
