// Jest Snapshot v1, https://goo.gl/fbAQLP

exports[`InputNumber component should render component and match snapshot 1`] = `
<section class="fk-responsive-input">
  <input-number min="1" max="3" size="small" value="1" aria-label="quantity" class="fk-responsive-input__input"></input-number> <select options="[object Object],[object Object],[object Object]" value="1" aria-label="quantity" class="fk-responsive-input__select--small"></select>
</section>
`;
