// Jest Snapshot v1, https://goo.gl/fbAQLP

exports[`Soloheader component should render component and match snapshot 1`] = `undefined`;
