// Jest Snapshot v1, https://goo.gl/fbAQLP

exports[`Ssl Badge component should render component and match snapshot 1`] = `
<flex align="center" class="fk-ssl-badge"><img src="../assets/images/ssl.png" class="fk-ssl-badge__img">
  <div class="fk-ssl-badge__text">Some long text goes here</div>
</flex>
`;
